Parse error: ../../../test/resources//outdated/imp-lesson-4.kore:1:13:
unexpected '('
expecting '{'
