Parse error: ../../../test/resources//outdated/p4.kore:1:13:
unexpected '('
expecting '{'
