Parse error: ../../../test/resources//test-exception-20.kore:6:12:
unexpected 'S'
expecting '#'
