Definition
    { definitionAttributes = Attributes []
    , definitionModules =
        [ Module
            { moduleName = ModuleName "TEST-SYMBOL-1"
            , moduleSentences =
                [ ObjectSentence (SentenceSortSentence SentenceSort
                    { sentenceSortName = (Id "S" AstLocationNone) :: Id Object
                    , sentenceSortParameters = []
                    , sentenceSortAttributes = Attributes []
                    })
                , ObjectSentence (SentenceSymbolSentence SentenceSymbol
                    { sentenceSymbolSymbol =
                        Symbol
                            { symbolConstructor = (Id "f" AstLocationNone) :: Id Object
                            , symbolParams = []
                            }
                    , sentenceSymbolSorts = []
                    , sentenceSymbolReturnSort =
                        SortActualSort SortActual
                            { sortActualName = (Id "S" AstLocationNone) :: Id Object
                            , sortActualSorts = []
                            }
                    , sentenceSymbolAttributes = Attributes []
                    })
                ]
            , moduleAttributes = Attributes []
            }
        ]
    }