Parse error: ../../../test/resources//test-exception-3.kore:6:7:
unexpected ':'
expecting '''
