Parse error: ../../../test/resources//test-exception-18.kore:6:14:
unexpected 'S'
expecting '#'
