Definition
    { definitionAttributes = Attributes []
    , definitionModules =
        [ Module
            { moduleName = ModuleName "TEST-COMMENT-2"
            , moduleSentences =
                [ ObjectSentence (SentenceSortSentence SentenceSort
                    { sentenceSortName = (Id "Nat" AstLocationNone) :: Id Object
                    , sentenceSortParameters = []
                    , sentenceSortAttributes = Attributes []
                    })
                ]
            , moduleAttributes = Attributes []
            }
        ]
    }