Parse error: ../../../test/resources//test-exception-16.kore:6:8:
unexpected 'S'
expecting '#'
