Parse error: ../../../test/resources//test-exception-24.kore:5:19:
genericIdRawParser: Invalid first character '#'.
