Parse error: ../../../test/resources//test-exception-8.kore:6:9:
genericIdRawParser: Invalid first character '#'.
