Parse error: ../../../test/resources//test-exception-21.kore:5:11:
unexpected '['
expecting '{'
