Parse error: ../../../test/resources//test-exception-7.kore:6:7:
genericIdRawParser: Invalid first character '2'.
