Definition
    { definitionAttributes =
        Attributes 
            [ Fix (UnifiedPattern (UnifiedObject (Rotate31 (ApplicationPattern Application
                { applicationSymbolOrAlias =
                    SymbolOrAlias
                        { symbolOrAliasConstructor = (Id "key" AstLocationNone) :: Id Object
                        , symbolOrAliasParams = []
                        }
                , applicationChildren =
                    [ Fix (UnifiedPattern (UnifiedMeta (Rotate31 (StringLiteralPattern (StringLiteral "\u7777")))))
                    ]
                }))))
            ]
    , definitionModules =
        [ Module
            { moduleName = ModuleName "TEST-STRING-5"
            , moduleSentences = []
            , moduleAttributes = Attributes []
            }
        ]
    }