Parse error: ../../../test/resources//test-exception-15.kore:6:8:
unexpected 'S'
expecting '#'
