Parse error: ../../../test/resources//test-exception-17.kore:6:7:
genericIdRawParser: Invalid first character '#'.
