Definition
    { definitionAttributes = Attributes []
    , definitionModules =
        [ Module
            { moduleName = ModuleName "TEST-SCANNER-1"
            , moduleSentences = []
            , moduleAttributes = Attributes []
            }
        ]
    }