Parse error: ../../../test/resources//test-exception-23.kore:5:12:
genericIdRawParser: Invalid first character '#'.
