Parse error: ../../../test/resources//test-exception-12.kore:6:9:
genericIdRawParser: Invalid first character '#'.
