Definition
    { definitionAttributes = Attributes []
    , definitionModules =
        [ Module
            { moduleName = ModuleName "TEST-SYMBOL-5"
            , moduleSentences =
                [ ObjectSentence (SentenceSymbolSentence SentenceSymbol
                    { sentenceSymbolSymbol =
                        Symbol
                            { symbolConstructor = (Id "f" AstLocationNone) :: Id Object
                            , symbolParams =
                                [ SortVariable ((Id "S" AstLocationNone) :: Id Object)
                                ]
                            }
                    , sentenceSymbolSorts =
                        [ SortVariableSort (SortVariable ((Id "S" AstLocationNone) :: Id Object))
                        ]
                    , sentenceSymbolReturnSort =
                        SortVariableSort (SortVariable ((Id "S" AstLocationNone) :: Id Object))
                    , sentenceSymbolAttributes = Attributes []
                    })
                ]
            , moduleAttributes = Attributes []
            }
        ]
    }