Definition
    { definitionAttributes = Attributes []
    , definitionModules =
        [ Module
            { moduleName = ModuleName "TEST4"
            , moduleSentences =
                [ ObjectSentence (SentenceSortSentence SentenceSort
                    { sentenceSortName = (Id "Map" AstLocationNone) :: Id Object
                    , sentenceSortParameters =
                        [ SortVariable ((Id "S" AstLocationNone) :: Id Object)
                        , SortVariable ((Id "T" AstLocationNone) :: Id Object)
                        ]
                    , sentenceSortAttributes = Attributes []
                    })
                ]
            , moduleAttributes = Attributes []
            }
        ]
    }