Definition
    { definitionAttributes = Attributes []
    , definitionModules =
        [ Module
            { moduleName = ModuleName "TEST-PATTERN-14"
            , moduleSentences =
                [ MetaSentence (SentenceAxiomSentence SentenceAxiom
                    { sentenceAxiomParameters =
                        [ UnifiedObject (SortVariable ((Id "S" AstLocationNone) :: Id Object))
                        ]
                    , sentenceAxiomPattern =
                        Fix (UnifiedPattern (UnifiedObject (Rotate31 (NextPattern Next
                            { nextSort =
                                SortVariableSort (SortVariable ((Id "S" AstLocationNone) :: Id Object))
                            , nextChild =
                                Fix (UnifiedPattern (UnifiedObject (Rotate31 (VariablePattern Variable
                                    { variableName = (Id "X" AstLocationNone) :: Id Object
                                    , variableSort =
                                        SortVariableSort (SortVariable ((Id "S" AstLocationNone) :: Id Object))
                                    }))))
                            }))))
                    , sentenceAxiomAttributes = Attributes []
                    })
                ]
            , moduleAttributes = Attributes []
            }
        ]
    }