Parse error: ../../../test/resources//test-exception-4.kore:6:5:
genericIdRawParser: Invalid first character '2'.
