Definition
    { definitionAttributes = Attributes []
    , definitionModules =
        [ Module
            { moduleName = ModuleName "TEST-ATTRIBUTE-1"
            , moduleSentences =
                [ ObjectSentence (SentenceSortSentence SentenceSort
                    { sentenceSortName = (Id "Nat" AstLocationNone) :: Id Object
                    , sentenceSortParameters = []
                    , sentenceSortAttributes =
                        Attributes 
                            [ Fix (UnifiedPattern (UnifiedObject (Rotate31 (ApplicationPattern Application
                                { applicationSymbolOrAlias =
                                    SymbolOrAlias
                                        { symbolOrAliasConstructor = (Id "hook" AstLocationNone) :: Id Object
                                        , symbolOrAliasParams = []
                                        }
                                , applicationChildren =
                                    [ Fix (UnifiedPattern (UnifiedMeta (Rotate31 (StringLiteralPattern (StringLiteral "Nat")))))
                                    ]
                                }))))
                            ]
                    })
                ]
            , moduleAttributes = Attributes []
            }
        ]
    }