a ([0m ([0m lambda[0m x .[0m lambda[0m y .[0m x )[0m y z )[0m
