([0m lambda[0m z .[0m ([0m z z )[0m )[0m lambda[0m x .[0m lambda[0m y .[0m ([0m x y )[0m
